LTspice 24.0.9 for Windows
Circuit: * C:\Users\venom\OneDrive - University of Pretoria\Documents\Uni Stuff\Modules\Core Modules\EBN 111 S1 2024\4 - Practicals\6 - Practical 2\Prac Practical 2 LTSpice\Circuit 6\Circuit 6 DC Op\Circuit 6.asc
Start Time: Sun Apr 14 17:59:38 2024
Warning: Multiple definitions of model "2scr375p" Type: BJT
Warning: Multiple definitions of model "bc857b" Type: BJT
Warning: Multiple definitions of model "bc847c" Type: BJT
Warning: Multiple definitions of model "bc847b" Type: BJT
solver = Normal
Maximum thread count: 12
tnom = 27
temp = 27
method = modified trap
Direct Newton iteration for .op point succeeded.
Semiconductor Device Operating Points:
                        --- Diodes ---
Name:      d1
Model:  qtlp690c
Id:      1.30e-03
Vd:      1.72e+00
Req:     2.98e+01
CAP:     1.56e-10

                        --- Bipolar Transistors ---
Name:       q1
Model:   bc337-40
Ib:       3.01e-06
Ic:       1.30e-03
Vbe:      6.04e-01
Vbc:     -4.65e+00
Vce:      5.25e+00
BetaDC:   4.32e+02
Gm:       5.05e-02
Rpi:      8.55e+03
Rx:       6.79e+01
Ro:       7.98e+04
Cbe:      1.05e-10
Cbc:      2.28e-12
Cjs:      0.00e+00
BetaAC:   4.32e+02
Cbx:      2.73e-12
Ft:       7.30e+07


Total elapsed time: 0.063 seconds.

