LTspice 24.0.9 for Windows
Circuit: * C:\Users\venom\OneDrive - University of Pretoria\Documents\Uni Stuff\Modules\Core Modules\EBN 111 S1 2024\4 - Practicals\7 - Practical 3\Pre Practical\LTSpice Sims\Circuit 4\Circuit 4.asc
Start Time: Sun May 19 21:07:06 2024
solver = Normal
Maximum thread count: 12
tnom = 27
temp = 27
method = modified trap
ERROR: Node N003 is floating and connected to current source I:U1:OS

Instance "m:u1:1": Length shorter than recommended for a level 2 MOSFET.
Instance "m:u1:2": Length shorter than recommended for a level 2 MOSFET.
Instance "m:u1:3": Length shorter than recommended for a level 2 MOSFET.
Instance "m:u1:4": Length shorter than recommended for a level 2 MOSFET.
Instance "m:u1:5": Length shorter than recommended for a level 2 MOSFET.
Instance "m:u1:6": Length shorter than recommended for a level 2 MOSFET.
Direct Newton iteration for .op point succeeded.
Semiconductor Device Operating Points:
                        --- Diodes ---
Name:    d:u1:1      d:u1:2      d:u1:3      d:u1:4      d:u1:5
Model:    u1:dx       u1:dx       u1:dx       u1:dx     u1:dnoise
Id:     -8.22e-12   -8.31e-12   -9.53e-12   -8.89e-12    9.99e-04
Vd:     -8.21e+00   -8.30e+00   -9.52e+00   -8.88e+00    6.55e-01
Req:     1.00e+12    1.00e+12    1.00e+12    1.00e+12    2.59e+01
CAP:     0.00e+00    0.00e+00    0.00e+00    0.00e+00    0.00e+00

                        --- MOSFET Transistors ---
Name:        m:u1:1      m:u1:2      m:u1:3      m:u1:4      m:u1:5
Model:       u1:pix      u1:pix      u1:nix      u1:nix      u1:pox
Id:         -2.43e-06   -2.57e-06    2.56e-06    2.44e-06   -7.28e-03
Vgs:        -5.28e-01   -5.29e-01    5.34e-01    5.33e-01   -1.62e+00
Vds:        -9.33e+00   -9.32e+00    9.33e+00    9.34e+00   -9.00e+00
Vbs:         0.00e+00    0.00e+00    0.00e+00    0.00e+00    0.00e+00
Vth:        -5.00e-01   -5.00e-01    5.00e-01    5.00e-01   -7.00e-01
Vdsat:      -2.77e-02   -2.85e-02    3.38e-02    3.30e-02   -9.17e-01
Gm:          1.75e-04    1.80e-04    1.51e-04    1.48e-04    1.59e-02
Gds:         2.03e-07    2.15e-07    7.09e-08    6.76e-08    5.93e-04
Gmb:         0.00e+00    0.00e+00    0.00e+00    0.00e+00    0.00e+00
Cbd:         0.00e+00    0.00e+00    0.00e+00    0.00e+00    0.00e+00
Cbs:         0.00e+00    0.00e+00    0.00e+00    0.00e+00    0.00e+00
Cgsov:       0.00e+00    0.00e+00    0.00e+00    0.00e+00    0.00e+00
Cgdov:       0.00e+00    0.00e+00    0.00e+00    0.00e+00    0.00e+00
Cgbov:       0.00e+00    0.00e+00    0.00e+00    0.00e+00    0.00e+00
Cgs:         5.46e-14    5.46e-14    2.04e-14    2.04e-14    5.76e-14
Cgd:         0.00e+00    0.00e+00    0.00e+00    0.00e+00    0.00e+00
Cgb:         0.00e+00    0.00e+00    0.00e+00    0.00e+00    0.00e+00

Name:        m:u1:6
Model:       u1:nox
Id:          1.80e-11
Vgs:        -2.37e-01
Vds:         9.00e+00
Vbs:         0.00e+00
Vth:         6.00e-01
Vdsat:       0.00e+00
Gm:          0.00e+00
Gds:         0.00e+00
Gmb:         0.00e+00
Cbd:         0.00e+00
Cbs:         0.00e+00
Cgsov:       0.00e+00
Cgdov:       0.00e+00
Cgbov:       0.00e+00
Cgs:         0.00e+00
Cgd:         0.00e+00
Cgb:         6.66e-13


Total elapsed time: 0.055 seconds.

