LTspice 24.0.9 for Windows
Circuit: * C:\Users\venom\OneDrive - University of Pretoria\Documents\Uni Stuff\Modules\Core Modules\EBN 111 S1 2024\4 - Practicals\7 - Practical 3\Pre Practical\LTSpice Sims\Circuit 5\Circuit 5.asc
Start Time: Sun May 19 21:25:04 2024
solver = Normal
Maximum thread count: 12
tnom = 27
temp = 27
method = modified trap
Instance "m:u1:1": Length shorter than recommended for a level 2 MOSFET.
Instance "m:u1:2": Length shorter than recommended for a level 2 MOSFET.
Instance "m:u1:3": Length shorter than recommended for a level 2 MOSFET.
Instance "m:u1:4": Length shorter than recommended for a level 2 MOSFET.
Instance "m:u1:5": Length shorter than recommended for a level 2 MOSFET.
Instance "m:u1:6": Length shorter than recommended for a level 2 MOSFET.
Direct Newton iteration for .op point succeeded.
Semiconductor Device Operating Points:
                        --- Diodes ---
Name:    d:u1:1      d:u1:2      d:u1:3      d:u1:4      d:u1:5
Model:    u1:dx       u1:dx       u1:dx       u1:dx     u1:dnoise
Id:     -6.72e-12   -9.81e-12   -1.03e-11   -8.09e-12    9.99e-04
Vd:     -6.71e+00   -9.80e+00   -1.03e+01   -8.08e+00    6.55e-01
Req:     1.00e+12    1.00e+12    1.00e+12    1.00e+12    2.59e+01
CAP:     0.00e+00    0.00e+00    0.00e+00    0.00e+00    0.00e+00

Name:      d1
Model:  qtlp690c
Id:      1.92e-02
Vd:      1.93e+00
Req:     2.02e+00
CAP:     1.63e-10

                        --- MOSFET Transistors ---
Name:        m:u1:1      m:u1:2      m:u1:3      m:u1:4      m:u1:5
Model:       u1:pix      u1:pix      u1:nix      u1:nix      u1:pox
Id:         -2.36e-06   -2.64e-06    2.61e-06    2.39e-06   -2.07e-02
Vgs:        -5.26e-01   -5.27e-01    5.35e-01    5.33e-01   -2.42e+00
Vds:        -1.08e+01   -1.08e+01    7.82e+00    7.84e+00   -6.00e+00
Vbs:         0.00e+00    0.00e+00    0.00e+00    0.00e+00    0.00e+00
Vth:        -5.00e-01   -5.00e-01    5.00e-01    5.00e-01   -7.00e-01
Vdsat:      -2.55e-02   -2.70e-02    3.49e-02    3.34e-02   -1.72e+00
Gm:          1.85e-04    1.95e-04    1.50e-04    1.43e-04    2.40e-02
Gds:         2.26e-07    2.53e-07    6.94e-08    6.35e-08    1.35e-03
Gmb:         0.00e+00    0.00e+00    0.00e+00    0.00e+00    0.00e+00
Cbd:         0.00e+00    0.00e+00    0.00e+00    0.00e+00    0.00e+00
Cbs:         0.00e+00    0.00e+00    0.00e+00    0.00e+00    0.00e+00
Cgsov:       0.00e+00    0.00e+00    0.00e+00    0.00e+00    0.00e+00
Cgdov:       0.00e+00    0.00e+00    0.00e+00    0.00e+00    0.00e+00
Cgbov:       0.00e+00    0.00e+00    0.00e+00    0.00e+00    0.00e+00
Cgs:         5.46e-14    5.46e-14    2.04e-14    2.04e-14    5.76e-14
Cgd:         0.00e+00    0.00e+00    0.00e+00    0.00e+00    0.00e+00
Cgb:         0.00e+00    0.00e+00    0.00e+00    0.00e+00    0.00e+00

Name:        m:u1:6
Model:       u1:nox
Id:          2.40e-11
Vgs:        -1.04e+00
Vds:         1.20e+01
Vbs:         0.00e+00
Vth:         6.00e-01
Vdsat:       0.00e+00
Gm:          0.00e+00
Gds:         0.00e+00
Gmb:         0.00e+00
Cbd:         0.00e+00
Cbs:         0.00e+00
Cgsov:       0.00e+00
Cgdov:       0.00e+00
Cgbov:       0.00e+00
Cgs:         0.00e+00
Cgd:         0.00e+00
Cgb:         6.66e-13


Total elapsed time: 0.069 seconds.

